// Jest Snapshot v1, https://goo.gl/fbAQLP

exports[`MenuBar should match snapshot 1`] = `
<div>
  <div
    class="ui blue massive pointing secondary menu"
  >
    <a
      class="active item"
      href="/"
    >
      Seecret ðŸ¤«
    </a>
    <div
      class="right menu"
    >
      <a
        class="item"
        href="/login"
      >
        Login
      </a>
      <a
        class="item"
        href="/register"
      >
        Register
      </a>
    </div>
  </div>
</div>
`;
